// Jest Snapshot v1, https://goo.gl/fbAQLP

exports[`HelloWorld renders 1`] = `
<div>
  <h1
    className="main"
  >
    Hello!!!!
  </h1>
</div>
`;
